---
source: tests/cuda/infer.rs
expression: output
---
#include "descend.cuh"
/*
function declarations
*/
__global__ auto par_transpose(const descend::f64 *const in_vec,
                              descend::f64 *const out_vec) -> void;
__host__ auto transpose(descend::f64 *const h_vec) -> void;
__host__ auto main(

    ) -> void;
/*
function definitions
*/
__global__ auto par_transpose(const descend::f64 *const in_vec,
                              descend::f64 *const out_vec) -> void {
  extern __shared__ descend::byte $buffer[];
  {
    {
      out_vec[(((threadIdx.x - 0) * 2048) + (blockIdx.x - 0))] =
          in_vec[(((blockIdx.x - 0) * 2048) + (threadIdx.x - 0))];
    }
  }
}

__host__ auto transpose(descend::f64 *const h_vec) -> void {
  auto gpu = descend::gpu_device(0);
  const auto d_vec = descend::gpu_alloc_copy<
      descend::array<descend::array<descend::f64, 2048>, 2048>>((&gpu),
                                                                (&(*h_vec)));
  auto d_vec_out = descend::gpu_alloc_copy<
      descend::array<descend::array<descend::f64, 2048>, 2048>>((&gpu),
                                                                (&(*h_vec)));
  par_transpose<<<dim3(64, 1, 1), dim3(32, 1, 1), 0>>>((&d_vec), (&d_vec_out));
  descend::copy_to_host<
      descend::array<descend::array<descend::f64, 2048>, 2048>>((&d_vec_out),
                                                                h_vec);
}

__host__ auto main(

    ) -> void {
  const auto vec = ;
  transpose(vec);
}
