---
source: tests/cuda/infer.rs
expression: output
---
#include "descend.cuh"
/*
function declarations
*/
template <std::size_t bs, std::size_t m, std::size_t n, std::size_t k>
__global__ auto gpu_matmul(const descend::i32 *const a_mat,
                           const descend::i32 *const b_mat,
                           descend::i32 *const c_mat) -> void;
template <std::size_t bs, std::size_t m, std::size_t n, std::size_t k>
__host__ auto matmul(const descend::i32 *const ha_mat,
                     const descend::i32 *const hb_mat,
                     descend::i32 *const hc_mat) -> void;
__host__ auto main(

    ) -> void;
/*
function definitions
*/
template <std::size_t bs, std::size_t m, std::size_t n, std::size_t k>
__global__ auto gpu_matmul(const descend::i32 *const a_mat,
                           const descend::i32 *const b_mat,
                           descend::i32 *const c_mat) -> void {
  extern __shared__ descend::byte $buffer[];
  {
    {
      {
        {

          auto c_elem =
              (&c_mat[(((((blockIdx.y - 0) * bs) + (threadIdx.y - 0)) * k) +
                       (((blockIdx.x - 0) * bs) + (threadIdx.x - 0)))]);
          auto sum = 0;
          for (std::size_t i = 0; (i < n); i = (i + 1u)) {
            sum = (sum +
                   (a_mat[(((((blockIdx.y - 0) * bs) + (threadIdx.y - 0)) * n) +
                           i)] *
                    b_mat[((i * k) +
                           (((blockIdx.x - 0) * bs) + (threadIdx.x - 0)))]));
          }

          (*c_elem) = sum;
        }
      }
    }
  }
}

template <std::size_t bs, std::size_t m, std::size_t n, std::size_t k>
__host__ auto matmul(const descend::i32 *const ha_mat,
                     const descend::i32 *const hb_mat,
                     descend::i32 *const hc_mat) -> void {
  auto gpu = descend::gpu_device(0);
  const auto a_mat =
      descend::gpu_alloc_copy<descend::array<descend::i32, (m * n)>>(
          (&gpu), (&(*ha_mat)));
  const auto b_mat =
      descend::gpu_alloc_copy<descend::array<descend::i32, (n * k)>>(
          (&gpu), (&(*hb_mat)));
  auto c_mat = descend::gpu_alloc_copy<descend::array<descend::i32, (m * k)>>(
      (&gpu), (&(*hc_mat)));
  gpu_matmul<bs, m, n, k><<<dim3((k / bs), (m / bs), 1), dim3(bs, bs, 1), 0>>>(
      (&a_mat), (&b_mat), (&c_mat));
  descend::copy_to_host<descend::array<descend::i32, (m * k)>>((&c_mat),
                                                               hc_mat);
}

__host__ auto main(

    ) -> void {
  const auto ha_mat = ;
  const auto hb_mat = ;
  const auto hc_mat = ;
  matmul<16, 8192, 8192, 4096>(ha_mat, hb_mat, hc_mat);
}
